#-----------------------------------------------------------
# Vivado v2017.4 (64-bit)
# SW Build 2086221 on Fri Dec 15 20:55:39 MST 2017
# IP Build 2085800 on Fri Dec 15 22:25:07 MST 2017
# Start of session at: Sat Oct 19 17:01:04 2019
# Process ID: 8900
# Current directory: G:/deverlopboard/a35t_code/hdmi_rx_it6802_tohdmi
# Command line: vivado.exe -gui_launcher_event rodinguilauncherevent10360 G:\deverlopboard\a35t_code\hdmi_rx_it6802_tohdmi\hdmi_rx_it6802.xpr
# Log file: G:/deverlopboard/a35t_code/hdmi_rx_it6802_tohdmi/vivado.log
# Journal file: G:/deverlopboard/a35t_code/hdmi_rx_it6802_tohdmi\vivado.jou
#-----------------------------------------------------------
start_gui
open_project G:/deverlopboard/a35t_code/hdmi_rx_it6802_tohdmi/hdmi_rx_it6802.xpr
update_compile_order -fileset sources_1
open_hw
connect_hw_server
open_hw_target
set_property PROGRAM.FILE {G:/deverlopboard/a35t_code/hdmi_rx_it6802_tohdmi/hdmi_rx_it6802.runs/impl_2/hdmi_rx.bit} [get_hw_devices xc7a35t_0]
set_property PROBES.FILE {G:/deverlopboard/a35t_code/hdmi_rx_it6802_tohdmi/hdmi_rx_it6802.runs/impl_2/hdmi_rx.ltx} [get_hw_devices xc7a35t_0]
set_property FULL_PROBES.FILE {G:/deverlopboard/a35t_code/hdmi_rx_it6802_tohdmi/hdmi_rx_it6802.runs/impl_2/hdmi_rx.ltx} [get_hw_devices xc7a35t_0]
current_hw_device [get_hw_devices xc7a35t_0]
refresh_hw_device [lindex [get_hw_devices xc7a35t_0] 0]
create_hw_cfgmem -hw_device [lindex [get_hw_devices] 0] -mem_dev [lindex [get_cfgmem_parts {s25fl032p-spi-x1_x2_x4}] 0]
display_hw_ila_data [ get_hw_ila_data hw_ila_data_1 -of_objects [get_hw_ilas -of_objects [get_hw_devices xc7a35t_0] -filter {CELL_NAME=~"u_ila"}]]
set_property PROBES.FILE {G:/deverlopboard/a35t_code/hdmi_rx_it6802_tohdmi/hdmi_rx_it6802.runs/impl_2/hdmi_rx.ltx} [get_hw_devices xc7a35t_0]
set_property FULL_PROBES.FILE {G:/deverlopboard/a35t_code/hdmi_rx_it6802_tohdmi/hdmi_rx_it6802.runs/impl_2/hdmi_rx.ltx} [get_hw_devices xc7a35t_0]
set_property PROGRAM.FILE {G:/deverlopboard/a35t_code/hdmi_rx_it6802_tohdmi/hdmi_rx_it6802.runs/impl_2/hdmi_rx.bit} [get_hw_devices xc7a35t_0]
program_hw_devices [get_hw_devices xc7a35t_0]
refresh_hw_device [lindex [get_hw_devices xc7a35t_0] 0]
run_hw_ila [get_hw_ilas -of_objects [get_hw_devices xc7a35t_0] -filter {CELL_NAME=~"u_ila"}]
wait_on_hw_ila [get_hw_ilas -of_objects [get_hw_devices xc7a35t_0] -filter {CELL_NAME=~"u_ila"}]
display_hw_ila_data [upload_hw_ila_data [get_hw_ilas -of_objects [get_hw_devices xc7a35t_0] -filter {CELL_NAME=~"u_ila"}]]
run_hw_ila [get_hw_ilas -of_objects [get_hw_devices xc7a35t_0] -filter {CELL_NAME=~"u_ila"}]
wait_on_hw_ila [get_hw_ilas -of_objects [get_hw_devices xc7a35t_0] -filter {CELL_NAME=~"u_ila"}]
display_hw_ila_data [upload_hw_ila_data [get_hw_ilas -of_objects [get_hw_devices xc7a35t_0] -filter {CELL_NAME=~"u_ila"}]]
